
================================================================================
RELATÓRIO DE TESTES - PROGRAMS MANAGER
================================================================================

Data: 2026-05-08 14:31:13
Duração: 0.55 segundos

RESUMO:
-------
Total de testes: 16
✓ Passou: 3
✗ Falhou: 1
⊘ Pulado: 13
Taxa de sucesso: 18.8%

================================================================================
DETALHES DOS TESTES:
================================================================================

✓ PASSED:
--------------------------------------------------------------------------------

  Módulo: lib.system
  Função: nameSO
  Mensagem: Sistema operacional detectado: Linux


  Módulo: lib.json
  Função: read_json
  Mensagem: JSON lido com sucesso. Keys: ['name', 'description', 'programs']


  Módulo: lib.log
  Função: get_log_file_path
  Mensagem: Caminho do log: /home/runner/work/programs-manager/programs-manager/log.log


✗ FAILED:
--------------------------------------------------------------------------------

  Módulo: lib.customizations
  Função: all
  Mensagem: Traceback (most recent call last):
  File "/home/runner/work/programs-manager/programs-manager/test/run_tests.py", line 129, in discover_and_test_modules
    module = __import__(module_name, fromlist=[parts[-1]])
             ^^^^^^^^^^^^^^^^^^^^^^^^^^^^^^^^^^^^^^^^^^^^^
  File "/home/runner/work/programs-manager/programs-manager/lib/customizations/__init__.py", line 9, in <module>
    import winreg
ModuleNotFoundError: No module named 'winreg'

  Erro: Falha ao importar módulo: No module named 'winreg'
  Stack:
Traceback (most recent call last):
  File "/home/runner/work/programs-manager/programs-manager/test/run_tests.py", line 129, in discover_and_test_modules
    module = __import__(module_name, fromlist=[parts[-1]])
             ^^^^^^^^^^^^^^^^^^^^^^^^^^^^^^^^^^^^^^^^^^^^^
  File "/home/runner/work/programs-manager/programs-manager/lib/customizations/__init__.py", line 9, in <module>
    import winreg
ModuleNotFoundError: No module named 'winreg'



⊘ SKIPPED:
--------------------------------------------------------------------------------

  Módulo: lib.json
  Função: write_json
  Mensagem: Função requer argumentos específicos ou interação do sistema


  Módulo: lib.json
  Função: append_programs
  Mensagem: Função requer argumentos específicos ou interação do sistema


  Módulo: lib.json
  Função: read_local_json_file
  Mensagem: Função requer argumentos específicos ou interação do sistema


  Módulo: lib.json
  Função: save_local_json_file
  Mensagem: Função requer argumentos específicos ou interação do sistema


  Módulo: lib.json
  Função: fetch_repo_bytes
  Mensagem: Função requer argumentos específicos ou interação do sistema


  Módulo: lib.json
  Função: fetch_repo_text
  Mensagem: Função requer argumentos específicos ou interação do sistema


  Módulo: lib.json
  Função: ensure_repo_file
  Mensagem: Função requer argumentos específicos ou interação do sistema


  Módulo: lib.log
  Função: log
  Mensagem: Função requer argumentos específicos ou interação do sistema


  Módulo: lib.log
  Função: start_shared_log_server
  Mensagem: Função requer argumentos específicos ou interação do sistema


  Módulo: lib.log
  Função: get_shared_log_server_url
  Mensagem: Função requer argumentos específicos ou interação do sistema


  Módulo: lib.install.single_instance
  Função: acquire_installation_lock
  Mensagem: Função de lock de processo não testada por segurança


  Módulo: lib.install.single_instance
  Função: release_installation_lock
  Mensagem: Função de lock de processo não testada por segurança


  Módulo: lib.install.single_instance
  Função: is_installation_cancelled
  Mensagem: Função de lock de processo não testada por segurança


================================================================================
FIM DO RELATÓRIO
================================================================================
